---
created: "2019-08-19T02:30:25.712719Z"
creator: insta@0.10.1
source: parser/tests/parser.rs
expression: doc
---
Document {
    items: [
        Variable(
            Declaration {
                identifier: "a",
                value: Color(
                    Color {
                        r: 0,
                        g: 127,
                        b: 255,
                        a: 0.5,
                    },
                ),
            },
        ),
    ],
}
